{
    "fakeService.one": [
        [
            "one was called"
        ]
    ],
    "fakeService.four": [
        [
            1,
            2,
            3,
            4
        ]
    ]
}
