{
    "first spy": [
        [
            "spy1",
            "called"
        ]
    ],
    "third spy": [
        [
            "spy",
            3,
            "called"
        ]
    ]
}
