{
    "add string": "value string",
    "added int": 5,
    "added null": null
}
